[2026-04-08 17:42:58] LOGIN SUCCESS: bakaleanju@gmail.com
[2026-04-08 17:59:02] LOGIN SUCCESS: bakaleanju@gmail.com
[2026-04-08 18:45:56] LOGIN SUCCESS: bakaleanju@gmail.com
[2026-04-08 19:18:25] LOGIN SUCCESS: bakaleanju@gmail.com
[2026-04-08 19:19:19] LOGIN SUCCESS: bakaleanju@gmail.com
[2026-04-10 14:55:04] LOGIN FAILED: Incorrect password - bakaleanju@gmail.com
[2026-04-10 14:55:12] LOGIN FAILED: Incorrect password - bakaleanju@gmail.com
[2026-04-10 14:58:15] LOGIN SUCCESS: bakaleanju@gmail.com
[2026-04-10 15:06:47] LOGIN SUCCESS: bakaleanju@gmail.com
[2026-04-18 09:25:40] LOGIN FAILED: User not found - anjali@gmail.com
[2026-04-18 09:25:48] LOGIN FAILED: User not found - anjali@gmail.com
[2026-04-18 09:26:10] REGISTRATION SUCCESS: anjali@gmail.com
[2026-04-18 09:26:17] LOGIN FAILED: Incorrect password - anjali@gmail.com
[2026-04-18 09:38:02] LOGIN FAILED: Incorrect password - anjali@gmail.com
[2026-04-18 09:38:31] REGISTRATION FAILED: Email already exists - anjali@gmail.com
[2026-04-18 09:42:53] LOGIN FAILED: Incorrect password - anjali@gmail.com
[2026-04-18 09:42:55] LOGIN FAILED: Incorrect password - anjali@gmail.com
[2026-04-18 09:43:20] REGISTRATION FAILED: Email already exists - anjali@gmail.com
[2026-04-18 09:47:18] LOGIN SUCCESS: bakaleanju@gmail.com
[2026-04-18 09:47:51] LOGIN FAILED: Incorrect password - anjali@gmail.com
[2026-04-18 09:47:53] LOGIN FAILED: Incorrect password - anjali@gmail.com
[2026-04-18 09:47:54] LOGIN FAILED: Incorrect password - anjali@gmail.com
[2026-04-18 09:47:57] LOGIN FAILED: Incorrect password - anjali@gmail.com
[2026-04-18 09:48:16] REGISTRATION FAILED: Email already exists - anjali@gmail.com
[2026-04-18 09:48:18] REGISTRATION FAILED: Email already exists - anjali@gmail.com
[2026-04-18 09:48:18] REGISTRATION FAILED: Email already exists - anjali@gmail.com
[2026-04-18 09:48:40] LOGIN FAILED: User not found - bakale@gmail.com
[2026-04-18 09:49:14] REGISTRATION SUCCESS: bakale@gmail.com
[2026-04-18 09:49:16] LOGIN FAILED: Incorrect password - bakale@gmail.com
[2026-04-18 09:49:19] LOGIN FAILED: Incorrect password - bakale@gmail.com
[2026-04-18 09:49:35] LOGIN SUCCESS: bakale@gmail.com
[2026-04-18 09:52:26] LOGIN SUCCESS: bakale@gmail.com
[2026-04-18 09:57:19] LOGIN SUCCESS: bakaleanju@gmail.com
[2026-04-18 09:57:48] LOGIN SUCCESS: bakaleanju@gmail.com
[2026-04-18 12:03:02] LOGIN SUCCESS: bakale@gmail.com
[2026-04-18 12:19:57] LOGIN SUCCESS: bakaleanju@gmail.com
[2026-04-18 17:28:47] LOGIN SUCCESS: bakaleanju@gmail.com
[2026-04-18 18:06:40] LOGIN SUCCESS: admin@bookurticket.com
[2026-04-18 18:07:57] LOGIN SUCCESS: admin@bookurticket.com
[2026-04-18 18:11:49] LOGIN SUCCESS: admin@bookurticket.com
[2026-04-18 18:23:29] LOGIN SUCCESS: admin@bookurticket.com
[2026-04-18 18:27:03] LOGIN SUCCESS: admin@bookurticket.com
[2026-04-18 18:49:04] LOGIN SUCCESS: admin@bookurticket.com
[2026-04-29 17:44:28] LOGIN SUCCESS: bakaleanju@gmail.com
[2026-04-29 19:06:26] LOGIN SUCCESS: bakaleanju@gmail.com
[2026-04-29 20:47:36] LOGIN FAILED: Incorrect password - admin@bookurticket.com
[2026-04-29 20:47:54] LOGIN FAILED: Incorrect password - admin@bookurticket.com
[2026-04-29 20:47:56] LOGIN FAILED: Incorrect password - admin@bookurticket.com
[2026-04-29 20:49:23] LOGIN SUCCESS: admin@bookurticket.com
[2026-04-29 20:53:10] LOGIN SUCCESS: admin@bookurticket.com
[2026-04-29 21:21:44] LOGIN SUCCESS: admin@bookurticket.com
[2026-04-30 11:52:10] LOGIN SUCCESS: admin@bookurticket.com
[2026-04-30 12:11:25] LOGIN FAILED: Incorrect password - admin@bookurticket.com
[2026-04-30 12:14:56] LOGIN SUCCESS: admin@bookurticket.com
[2026-04-30 14:58:52] LOGIN SUCCESS: bakaleanju@gmail.com
[2026-04-30 15:11:56] REGISTRATION SUCCESS: test@example.com
[2026-04-30 15:12:18] LOGIN SUCCESS: test@example.com
[2026-04-30 15:21:52] LOGIN FAILED: Incorrect password - bakaleanju@gmail.com
[2026-04-30 15:21:55] LOGIN FAILED: Incorrect password - bakaleanju@gmail.com
[2026-04-30 15:21:57] LOGIN FAILED: Incorrect password - bakaleanju@gmail.com
[2026-04-30 15:21:58] LOGIN FAILED: Incorrect password - bakaleanju@gmail.com
[2026-04-30 15:21:59] LOGIN FAILED: Incorrect password - bakaleanju@gmail.com
[2026-04-30 15:25:27] LOGIN FAILED: Incorrect password - bakaleanju@gmail.com
[2026-04-30 15:25:28] LOGIN FAILED: Incorrect password - bakaleanju@gmail.com
[2026-04-30 15:25:30] LOGIN FAILED: Incorrect password - bakaleanju@gmail.com
[2026-04-30 15:25:32] LOGIN FAILED: Incorrect password - bakaleanju@gmail.com
[2026-04-30 15:25:41] LOGIN FAILED: Incorrect password - bakaleanju@gmail.com
[2026-04-30 15:25:42] LOGIN FAILED: Incorrect password - bakaleanju@gmail.com
[2026-04-30 15:29:29] LOGIN FAILED: Incorrect password - bakaleanju@gmail.com
[2026-04-30 15:31:06] LOGIN FAILED: Incorrect password - bakaleanju@gmail.com
[2026-04-30 15:31:07] LOGIN FAILED: Incorrect password - bakaleanju@gmail.com
[2026-04-30 15:31:08] LOGIN FAILED: Incorrect password - bakaleanju@gmail.com
[2026-04-30 15:31:09] LOGIN FAILED: Incorrect password - bakaleanju@gmail.com
[2026-04-30 15:32:01] REGISTRATION FAILED: Email already exists - bakaleanjali67@gmail.com
[2026-04-30 15:32:07] REGISTRATION FAILED: Email already exists - bakaleanjali67@gmail.com
[2026-04-30 15:32:07] REGISTRATION FAILED: Email already exists - bakaleanjali67@gmail.com
[2026-04-30 15:32:22] LOGIN FAILED: Incorrect password - bakaleanjali67@gmail.com
[2026-04-30 15:32:32] LOGIN FAILED: Incorrect password - bakaleanjali67@gmail.com
[2026-04-30 15:32:32] LOGIN FAILED: Incorrect password - bakaleanjali67@gmail.com
[2026-04-30 15:32:33] LOGIN FAILED: Incorrect password - bakaleanjali67@gmail.com
[2026-04-30 15:32:33] LOGIN FAILED: Incorrect password - bakaleanjali67@gmail.com
[2026-04-30 15:32:33] LOGIN FAILED: Incorrect password - bakaleanjali67@gmail.com
[2026-04-30 15:32:34] LOGIN FAILED: Incorrect password - bakaleanjali67@gmail.com
[2026-04-30 15:32:34] LOGIN FAILED: Incorrect password - bakaleanjali67@gmail.com
[2026-04-30 15:32:56] LOGIN FAILED: Incorrect password - bakaleanju@gmail.com
[2026-04-30 15:32:57] LOGIN FAILED: Incorrect password - bakaleanju@gmail.com
[2026-04-30 15:32:57] LOGIN FAILED: Incorrect password - bakaleanju@gmail.com
[2026-04-30 15:32:57] LOGIN FAILED: Incorrect password - bakaleanju@gmail.com
[2026-04-30 15:32:58] LOGIN FAILED: Incorrect password - bakaleanju@gmail.com
[2026-04-30 15:36:14] LOGIN FAILED: Incorrect password - bakaleanju@gmail.com
[2026-04-30 15:36:16] LOGIN FAILED: Incorrect password - bakaleanju@gmail.com
[2026-04-30 15:36:17] LOGIN FAILED: Incorrect password - bakaleanju@gmail.com
[2026-04-30 15:36:18] LOGIN FAILED: Incorrect password - bakaleanju@gmail.com
[2026-04-30 15:36:18] LOGIN FAILED: Incorrect password - bakaleanju@gmail.com
[2026-04-30 15:36:18] LOGIN FAILED: Incorrect password - bakaleanju@gmail.com
[2026-04-30 15:36:18] LOGIN FAILED: Incorrect password - bakaleanju@gmail.com
[2026-04-30 15:36:19] LOGIN FAILED: Incorrect password - bakaleanju@gmail.com
[2026-04-30 15:37:03] LOGIN FAILED: Incorrect password - bakaleanju@gmail.com
[2026-04-30 15:37:21] LOGIN SUCCESS: bakaleanju@gmail.com
[2026-04-30 16:00:40] LOGIN SUCCESS: bakaleanjali67@gmail.com
[2026-05-27 14:32:51] REGISTRATION SUCCESS: anjali@gail.com
[2026-05-27 14:33:08] LOGIN FAILED: Incorrect password - bakaleanju@gmail.com
[2026-05-27 14:33:48] LOGIN FAILED: Incorrect password - bakaleanju@gmail.com
[2026-05-27 14:36:31] LOGIN SUCCESS: admin@bookurticket.com
[2026-05-27 15:11:22] LOGIN FAILED: Incorrect password - bakaleanju@gmail.com
[2026-05-27 15:11:50] LOGIN FAILED: Incorrect password - bakaleanju@gmail.com
[2026-05-27 15:11:53] LOGIN FAILED: Incorrect password - bakaleanju@gmail.com
[2026-05-27 15:12:27] REGISTRATION FAILED: Email already exists - bakaleanjali67@gmail.com
[2026-05-27 15:12:31] REGISTRATION FAILED: Email already exists - bakaleanjali67@gmail.com
[2026-05-27 15:13:24] LOGIN SUCCESS: bakaleanju@gmail.com
[2026-05-27 15:14:08] LOGIN SUCCESS: bakaleanju@gmail.com
[2026-05-27 15:14:36] LOGIN SUCCESS: admin@bookurticket.com
[2026-05-27 15:20:55] LOGIN SUCCESS: bakaleanju@gmail.com
[2026-06-02 12:24:37] LOGIN FAILED: User not found - a
[2026-06-02 12:26:43] REGISTRATION SUCCESS: basum142@gmail.com
[2026-06-02 12:27:18] LOGIN SUCCESS: basum142@gmail.com
[2026-06-02 12:41:37] LOGIN FAILED: User not found - admin@bookurticket
[2026-06-02 12:41:59] LOGIN SUCCESS: admin@bookurticket.com
[2026-06-02 12:49:13] LOGIN SUCCESS: bakaleanju@gmail.com
